au.com.origin.snapshots.SnapshotRuleUsedTest.shouldUseExtensionAgainViaInstanceVariable=[
Hello World
Hello World Again
]


au.com.origin.snapshots.SnapshotRuleUsedTest.shouldUseExtensionViaInstanceVariable=[
Hello World
]


hello_world=[
Hello World
]