au.com.origin.snapshots.docs.SpockExample.$spock_feature_0_0=[
Hello World
]