au.com.origin.snapshots.docs.SpockWithParametersExample.$spock_feature_0_0[letter]=[
A
]


au.com.origin.snapshots.docs.SpockWithParametersExample.$spock_feature_0_0[number]=[
1
]