au.com.origin.snapshots.SpockExtensionUsedSpec.$spock_feature_0_0=[
Hello World
]


au.com.origin.snapshots.SpockExtensionUsedSpec.$spock_feature_0_1=[
Hello World
Hello World Again
]