au.com.origin.snapshots.serializers.ToStringSerializerTest.canUseSnapshotConfigAnnotationAtClassLevel=
ToStringSerializerTest.Dummy(id=1, name=John Doe)