au.com.origin.snapshots.UseCustomConfigTest.shouldUseSnapshotConfigDefinedOnTheClass=This is a snapshot of the toString() method