au.com.origin.snapshots.docs.CustomSerializerTest.test1=[
  {
    "somethingElse": "This should render"
  }
]