au.com.origin.snapshots.PrivateCalledMethodTest.beforeAll=[
  "testContent"
]


au.com.origin.snapshots.PrivateCalledMethodTest.testBasedOnArgs=[
  "testContent"
]


au.com.origin.snapshots.PrivateCalledMethodTest.testName=[
  "testContent"
]