au.com.origin.snapshots.SnapshotOverrideClassTest.beforeAll=[
  "anyName"
]


au.com.origin.snapshots.SnapshotOverrideClassTest.shouldMatchSnapshotOne=[
  "anyName"
]