au.com.origin.snapshots.docs.JUnit4Example.myTest1=[
Hello World
]


au.com.origin.snapshots.docs.JUnit4Example.myTest2=[
Hello World Again
]