au.com.origin.snapshots.DebugSnapshotTest.createDebugFile=[
Good Snapshot
]


au.com.origin.snapshots.DebugSnapshotTest.deleteDebugFile=[
Good Snapshot
]


au.com.origin.snapshots.DebugSnapshotTest.noDebugFileCreatedExistingSnapshot=[
Good Snapshot
]