au.com.origin.snapshots.serializers.ToStringSerializerTest.canUseSnapshotConfigAnnotationAtClassLevel=
ToStringSerializerTest.Dummy(id=0, name=null)