au.com.origin.snapshots.serializers.ToStringSnapshotSerializerTest.canUseSnapshotConfigAnnotationAtClassLevel=
ToStringSerializerTest.Dummy(id=0, name=null)