au.com.origin.snapshots.NestedClassTest$NestedClass.helloWorldTest=[
Hello World
]